10.185.139.213 - - [19/Oct/2014:04:23:35 +0900] "GET / HTTP/1.0" 200 20 "-" "Mozilla/5.0 (Windows NT 6.3; WOW64) AppleWebKit/537.36 (KHTML, like Gecko) Chrome/36.0.1985.143 Safari/537.36"
10.9.54.42 - - [19/Oct/2014:04:37:08 +0900] "GET /tmUnblock.cgi HTTP/1.1" 400 370 "-" "-"
10.249.79.66 - - [19/Oct/2014:05:38:39 +0900] "GET /robots.txt HTTP/1.1" 200 18 "-" "Mozilla/5.0 (compatible; Googlebot/2.1; +http://www.google.com/bot.html)"
10.249.79.50 - - [19/Oct/2014:05:38:39 +0900] "GET /~kawagoi/ical/ics/ical.php?ical=popopo.ics HTTP/1.1" 200 2627 "-" "Mozilla/5.0 (compatible; Googlebot/2.1; +http://www.google.com/bot.html)"
10.251.50.46 - - [19/Oct/2014:05:46:42 +0900] "CONNECT mx0.mail2000.com.tw:25 HTTP/1.0" 405 379 "-" "-"
10.20.69.74 - - [19/Oct/2014:05:54:45 +0900] "GET / HTTP/1.1" 200 20 "-" "-"
10.20.69.74 - - [19/Oct/2014:05:54:46 +0900] "GET /robots.txt HTTP/1.1" 200 18 "-" "-"
10.208.12.172 - - [19/Oct/2014:07:32:48 +0900] "GET /~hiconyan/doku.php?id=wiki:dokuwiki HTTP/1.1" 404 360 "http://poulenc.eng.kagawa-u.ac.jp/" "Mozilla/5.0 (X11; Linux x86_64; rv:21.0) Gecko/20100101 Firefox/21.0"
10.249.79.50 - - [19/Oct/2014:07:36:12 +0900] "GET /~kawagoi/ical/ics/ical.php?ical=lab_test.ics HTTP/1.1" 200 2628 "-" "Mozilla/5.0 (compatible; Googlebot/2.1; +http://www.google.com/bot.html)"
10.249.79.50 - - [19/Oct/2014:08:56:32 +0900] "GET /~kawagoi/ical/ics/ical.php?ical=lab.ics HTTP/1.1" 200 2626 "-" "Mozilla/5.0 (compatible; Googlebot/2.1; +http://www.google.com/bot.html)"
10.249.79.58 - - [19/Oct/2014:09:25:26 +0900] "GET /~kawagoi/ical/ics/ical.php?ical=semi.ics HTTP/1.1" 200 1876 "-" "Mozilla/5.0 (compatible; Googlebot/2.1; +http://www.google.com/bot.html)"
10.4.101.88 - - [19/Oct/2014:09:49:43 +0900] "GET /~hiconyan/doku.php?id=wiki:dokuwiki HTTP/1.1" 404 360 "http://poulenc.eng.kagawa-u.ac.jp/" "Mozilla/5.0 (X11; Linux x86_64; rv:22.0) Gecko/20100101 Firefox/22.0"
10.0.117.194 - - [19/Oct/2014:10:09:30 +0900] "GET /~hiconyan/doku.php?id=wiki:dokuwiki HTTP/1.1" 404 360 "http://poulenc.eng.kagawa-u.ac.jp/" "Mozilla/5.0 (X11; Linux x86_64; rv:21.0) Gecko/20100101 Firefox/21.0"
10.62.195.30 - - [19/Oct/2014:10:57:47 +0900] "GET /~hiconyan/doku.php?id=wiki:dokuwiki HTTP/1.1" 404 360 "http://poulenc.eng.kagawa-u.ac.jp/" "Mozilla/5.0 (X11; Linux x86_64; rv:21.0) Gecko/20100101 Firefox/21.0"
10.249.79.50 - - [19/Oct/2014:11:21:28 +0900] "GET /~hiconyan/doku.php?id=emacs:powerline HTTP/1.1" 404 360 "-" "Mozilla/5.0 (compatible; Googlebot/2.1; +http://www.google.com/bot.html)"
10.249.79.50 - - [19/Oct/2014:12:03:00 +0900] "GET /~kawagoi/ical/ics/ical.php?ical=popopo.ics HTTP/1.1" 200 2627 "-" "Mozilla/5.0 (compatible; Googlebot/2.1; +http://www.google.com/bot.html)"
10.99.150.55 - - [19/Oct/2014:12:13:05 +0900] "GET /~hiconyan/doku.php?id=linux:nkf HTTP/1.1" 404 360 "http://poulenc.eng.kagawa-u.ac.jp/" "Mozilla/5.0 (X11; Linux x86_64; rv:22.0) Gecko/20100101 Firefox/22.0"
10.249.79.50 - - [19/Oct/2014:13:42:30 +0900] "GET /~kawagoi/ical/ics/ical.php?ical=lab_test.ics HTTP/1.1" 200 2628 "-" "Mozilla/5.0 (compatible; Googlebot/2.1; +http://www.google.com/bot.html)"
10.249.79.50 - - [19/Oct/2014:14:43:49 +0900] "GET /~kawagoi/ical/ics/ical.php?ical=lab_test.ics HTTP/1.1" 200 2628 "-" "Mozilla/5.0 (compatible; Googlebot/2.1; +http://www.google.com/bot.html)"
10.249.79.66 - - [19/Oct/2014:15:47:27 +0900] "GET /~kawagoi/ical/ics/ical.php?ical=lab.ics HTTP/1.1" 200 2626 "-" "Mozilla/5.0 (compatible; Googlebot/2.1; +http://www.google.com/bot.html)"
10.249.79.58 - - [19/Oct/2014:16:13:07 +0900] "GET /~kawagoi/ical/ics/ical.php?ical=semi.ics HTTP/1.1" 200 1876 "-" "Mozilla/5.0 (compatible; Googlebot/2.1; +http://www.google.com/bot.html)"
10.55.39.143 - - [19/Oct/2014:18:12:39 +0900] "GET /robots.txt HTTP/1.1" 200 18 "-" "Mozilla/5.0 (compatible; bingbot/2.0; +http://www.bing.com/bingbot.htm)"
10.55.39.142 - - [19/Oct/2014:18:12:50 +0900] "GET / HTTP/1.1" 200 20 "-" "Mozilla/5.0 (compatible; bingbot/2.0; +http://www.bing.com/bingbot.htm)"
10.106.108.116 - - [19/Oct/2014:19:06:22 +0900] "HEAD /Member/SLP/ HTTP/1.1" 401 - "-" "Hatena Antenna/0.5 (http://a.hatena.ne.jp/help)"
10.106.108.116 - - [19/Oct/2014:19:06:22 +0900] "GET /Member/SLP/ HTTP/1.1" 401 545 "-" "Hatena Antenna/0.5 (http://a.hatena.ne.jp/help)"
10.249.79.58 - - [19/Oct/2014:19:48:02 +0900] "GET /~kawagoi/ical/ics/ical.php?ical=popopo.ics HTTP/1.1" 200 2627 "-" "Mozilla/5.0 (compatible; Googlebot/2.1; +http://www.google.com/bot.html)"
10.168.98.60 - - [19/Oct/2014:22:05:24 +0900] "GET /Pub/Club/KBIT/2012/photo/201205-bbq/bbq_02.jpg HTTP/1.1" 200 3618070 "-" "Mozilla/5.0 (Linux; Android 4.4.2; SC-04E Build/KOT49H) AppleWebKit/537.36 (KHTML, like Gecko) Version/4.0 Chro
me/30.0.0.0 Mobile Safari/537.36 GSA/3.6.14.1337016.arm"
10.168.98.60 - - [19/Oct/2014:22:07:48 +0900] "GET /Pub/Club/KBIT/2012/photo/201205-bbq/bbq_01.jpg HTTP/1.1" 200 4019816 "-" "Mozilla/5.0 (Linux; Android 4.4.2; SC-04E Build/KOT49H) AppleWebKit/537.36 (KHTML, like Gecko) Version/4.0 Chro
me/30.0.0.0 Mobile Safari/537.36 GSA/3.6.14.1337016.arm"
10.153.209.243 - - [19/Oct/2014:22:12:47 +0900] "GET /tmUnblock.cgi HTTP/1.1" 400 370 "-" "-"
10.99.38.84 - - [19/Oct/2014:22:25:08 +0900] "GET /~hiconyan/doku.php?id=linux:nkf HTTP/1.1" 404 360 "http://poulenc.eng.kagawa-u.ac.jp/" "Mozilla/5.0 (X11; Linux x86_64; rv:22.0) Gecko/20100101 Firefox/22.0"
10.249.64.14 - - [19/Oct/2014:22:37:27 +0900] "GET /robots.txt HTTP/1.1" 200 18 "-" "Mozilla/5.0 (compatible; Googlebot/2.1; +http://www.google.com/bot.html)"
10.249.64.10 - - [19/Oct/2014:22:37:27 +0900] "GET /~kawagoi/ical/ics/ical.php?ical=lab_test.ics HTTP/1.1" 200 2628 "-" "Mozilla/5.0 (compatible; Googlebot/2.1; +http://www.google.com/bot.html)"
10.249.64.14 - - [19/Oct/2014:22:58:48 +0900] "GET /~kawagoi/ical/ics/ical.php?ical=lab.ics HTTP/1.1" 200 2626 "-" "Mozilla/5.0 (compatible; Googlebot/2.1; +http://www.google.com/bot.html)"
10.190.172.176 - - [19/Oct/2014:23:01:28 +0900] "GET /~hiconyan/doku.php?id=wiki:dokuwiki HTTP/1.1" 404 360 "http://poulenc.eng.kagawa-u.ac.jp/" "Mozilla/5.0 (X11; Linux x86_64; rv:22.0) Gecko/20100101 Firefox/22.0"
10.249.64.10 - - [19/Oct/2014:23:38:04 +0900] "GET /~kawagoi/ical/ics/ical.php?ical=semi.ics HTTP/1.1" 200 1876 "-" "Mozilla/5.0 (compatible; Googlebot/2.1; +http://www.google.com/bot.html)"
10.58.231.71 - - [20/Oct/2014:00:20:17 +0900] "GET / HTTP/1.1" 200 20 "-" "Mozilla/5.0 (X11; Linux x86_64) AppleWebKit/534.34 (KHTML, like Gecko) Qt/4.8.2 Safari/534.34"
10.249.64.14 - - [20/Oct/2014:01:04:11 +0900] "GET /~hiconyan/doku.php?id=emacs:powerline HTTP/1.1" 404 360 "-" "Mozilla/5.0 (compatible; Googlebot/2.1; +http://www.google.com/bot.html)"
10.63.196.55 - - [20/Oct/2014:01:22:27 +0900] "GET / HTTP/1.1" 200 20 "-" "Mozilla/5.0 (compatible; Baiduspider/2.0; +http://www.baidu.com/search/spider.html)"
10.173.8.178 - - [20/Oct/2014:01:56:48 +0900] "GET http://dm.qq.com/ HTTP/1.1" 200 20 "-" "Mozilla/4.0 (compatible; MSIE 4.01; Windows 98)"
10.166.56.218 - - [20/Oct/2014:01:57:51 +0900] "POST / HTTP/1.1" 200 20 "-" "Mozilla/5.0"
10.249.64.10 - - [20/Oct/2014:02:22:18 +0900] "GET /~kawagoi/ical/ics/ical.php?ical=popopo.ics HTTP/1.1" 200 2627 "-" "Mozilla/5.0 (compatible; Googlebot/2.1; +http://www.google.com/bot.html)"
10.180.228.169 - - [20/Oct/2014:03:23:23 +0900] "GET /robots.txt HTTP/1.1" 200 18 "-" "Mozilla/5.0 (compatible; Yahoo! Slurp; http://help.yahoo.com/help/us/ysearch/slurp)"
10.180.228.169 - - [20/Oct/2014:03:23:23 +0900] "GET /Pub/Club/KBIT/ HTTP/1.1" 200 12733 "-" "Mozilla/5.0 (compatible; Yahoo! Slurp; http://help.yahoo.com/help/us/ysearch/slurp)"
10.180.228.169 - - [20/Oct/2014:03:25:11 +0900] "GET /Pub/Club/KBIT/2013/event/201311-ktf.html HTTP/1.1" 200 1667 "-" "Mozilla/5.0 (compatible; Yahoo! Slurp; http://help.yahoo.com/help/us/ysearch/slurp)"
10.180.228.169 - - [20/Oct/2014:03:25:18 +0900] "GET / HTTP/1.1" 200 20 "-" "Mozilla/5.0 (compatible; Yahoo! Slurp; http://help.yahoo.com/help/us/ysearch/slurp)"
10.180.228.169 - - [20/Oct/2014:03:25:20 +0900] "GET /Pub/Club/KBIT/2013/ HTTP/1.1" 200 4608 "-" "Mozilla/5.0 (compatible; Yahoo! Slurp; http://help.yahoo.com/help/us/ysearch/slurp)"
10.180.228.169 - - [20/Oct/2014:03:25:25 +0900] "GET /Pub/Club/KBIT/2013/event/201305-bbq.html HTTP/1.1" 200 1915 "-" "Mozilla/5.0 (compatible; Yahoo! Slurp; http://help.yahoo.com/help/us/ysearch/slurp)"
10.180.228.169 - - [20/Oct/2014:03:25:26 +0900] "GET /Pub/Club/KBIT/2013/event/2013proj-gmv.html HTTP/1.1" 200 1871 "-" "Mozilla/5.0 (compatible; Yahoo! Slurp; http://help.yahoo.com/help/us/ysearch/slurp)"
10.180.228.169 - - [20/Oct/2014:03:25:30 +0900] "GET /Pub/Club/KBIT/2013/event/201309-kbit.html HTTP/1.1" 200 1901 "-" "Mozilla/5.0 (compatible; Yahoo! Slurp; http://help.yahoo.com/help/us/ysearch/slurp)"
10.180.228.169 - - [20/Oct/2014:03:25:40 +0900] "GET /Pub/Club/KBIT/2013/event/201304-hanami.html HTTP/1.1" 200 2330 "-" "Mozilla/5.0 (compatible; Yahoo! Slurp; http://help.yahoo.com/help/us/ysearch/slurp)"
10.180.228.169 - - [20/Oct/2014:03:25:54 +0900] "GET /Pub/Club/KBIT/2013/event/201309-etr.html HTTP/1.1" 200 2777 "-" "Mozilla/5.0 (compatible; Yahoo! Slurp; http://help.yahoo.com/help/us/ysearch/slurp)"
10.180.228.169 - - [20/Oct/2014:03:26:16 +0900] "GET /Pub/Club/KBIT/2013/event/2013proj-cem.html HTTP/1.1" 200 2744 "-" "Mozilla/5.0 (compatible; Yahoo! Slurp; http://help.yahoo.com/help/us/ysearch/slurp)"
10.180.228.169 - - [20/Oct/2014:03:29:19 +0900] "GET /Pub/Club/KBIT/2012/ HTTP/1.1" 200 5103 "-" "Mozilla/5.0 (compatible; Yahoo! Slurp; http://help.yahoo.com/help/us/ysearch/slurp)"
10.180.228.169 - - [20/Oct/2014:03:38:15 +0900] "GET /Pub/Club/KBIT/2013/event/201308-oc1.html HTTP/1.1" 200 2702 "-" "Mozilla/5.0 (compatible; Yahoo! Slurp; http://help.yahoo.com/help/us/ysearch/slurp)"
10.249.64.14 - - [20/Oct/2014:04:34:50 +0900] "GET /~kawagoi/ical/ics/ical.php?ical=lab_test.ics HTTP/1.1" 200 2628 "-" "Mozilla/5.0 (compatible; Googlebot/2.1; +http://www.google.com/bot.html)"
10.161.58.215 - - [20/Oct/2014:04:48:56 +0900] "CONNECT mx2.mail2000.com.tw:25 HTTP/1.0" 405 379 "-" "-"
10.249.64.18 - - [20/Oct/2014:05:32:33 +0900] "GET /~kawagoi/ical/ics/ical.php?ical=lab.ics HTTP/1.1" 200 2626 "-" "Mozilla/5.0 (compatible; Googlebot/2.1; +http://www.google.com/bot.html)"
10.208.48.50 - - [20/Oct/2014:05:35:17 +0900] "GET /~hiconyan/doku.php?id=wiki:dokuwiki HTTP/1.1" 404 360 "http://poulenc.eng.kagawa-u.ac.jp/" "Mozilla/5.0 (X11; Linux x86_64; rv:22.0) Gecko/20100101 Firefox/22.0"
10.249.64.14 - - [20/Oct/2014:07:31:38 +0900] "GET /~kawagoi/ical/ics/ical.php?ical=semi.ics HTTP/1.1" 200 1876 "-" "Mozilla/5.0 (compatible; Googlebot/2.1; +http://www.google.com/bot.html)"
10.180.228.169 - - [20/Oct/2014:08:58:21 +0900] "GET /Pub/Club/KBIT/slide/slide.pdf HTTP/1.1" 200 3635714 "-" "Mozilla/5.0 (compatible; Yahoo! Slurp; http://help.yahoo.com/help/us/ysearch/slurp)"
10.249.64.14 - - [20/Oct/2014:09:33:28 +0900] "GET /~kawagoi/ical/ics/ical.php?ical=popopo.ics HTTP/1.1" 200 2627 "-" "Mozilla/5.0 (compatible; Googlebot/2.1; +http://www.google.com/bot.html)"
10.138.27.64 - - [20/Oct/2014:10:06:00 +0900] "GET /Pub/Club/KBIT/slide/slide.pdf HTTP/1.0" 200 3635714 "http://search.yahoo.co.jp/search?p=%E5%B1%B1%E7%94%B0%E8%88%AA%E5%B9%B3+%E9%A6%99%E5%B7%9D&aq=-1&ei=UTF-8&pstart=1&fr=top_ga1_sa&b=1
" "Mozilla/5.0 (Windows NT 6.1; Trident/7.0; rv:11.0) like Gecko"
10.139.134.99 - - [20/Oct/2014:10:06:58 +0900] "GET /~hiconyan/feed.php HTTP/1.1" 404 360 "http://pipes.yahoo.com/pipes/pipe.info?_id=fbba9f537b5dbbdc707bb306a44c720b" "YahooCacheSystem"
10.19.153.66 - - [20/Oct/2014:10:56:52 +0900] "GET /~hiconyan/doku.php?id=wiki:dokuwiki HTTP/1.1" 404 360 "http://poulenc.eng.kagawa-u.ac.jp/" "Mozilla/5.0 (X11; Linux x86_64; rv:22.0) Gecko/20100101 Firefox/22.0"
10.139.134.96 - - [20/Oct/2014:12:07:26 +0900] "GET /~hiconyan/feed.php HTTP/1.1" 404 360 "http://pipes.yahoo.com/pipes/pipe.info?_id=fbba9f537b5dbbdc707bb306a44c720b" "YahooCacheSystem"
10.249.64.18 - - [20/Oct/2014:12:11:57 +0900] "GET /~kawagoi/ical/ics/ical.php?ical=lab_test.ics HTTP/1.1" 200 2628 "-" "Mozilla/5.0 (compatible; Googlebot/2.1; +http://www.google.com/bot.html)"
10.255.79.102 - - [20/Oct/2014:12:14:16 +0900] "GET /~hiconyan/doku.php?id=wiki:dokuwiki HTTP/1.1" 404 360 "http://poulenc.eng.kagawa-u.ac.jp/" "Mozilla/5.0 (X11; Linux x86_64; rv:22.0) Gecko/20100101 Firefox/22.0"
10.208.173.136 - - [20/Oct/2014:12:19:41 +0900] "GET /manager/html HTTP/1.1" 404 354 "-" "Mozilla/5.0 (Windows NT 5.1; rv:5.0) Gecko/20100101 Firefox/5.0"
10.249.64.14 - - [20/Oct/2014:12:29:25 +0900] "GET /~kawagoi/ical/ics/ical.php?ical=lab.ics HTTP/1.1" 200 2626 "-" "Mozilla/5.0 (compatible; Googlebot/2.1; +http://www.google.com/bot.html)"
10.139.134.99 - - [20/Oct/2014:14:07:47 +0900] "GET /~hiconyan/feed.php HTTP/1.1" 404 360 "http://pipes.yahoo.com/pipes/pipe.info?_id=fbba9f537b5dbbdc707bb306a44c720b" "YahooCacheSystem"
10.180.228.169 - - [20/Oct/2014:14:15:13 +0900] "GET /Pub/Club/KBIT/2013/event/201311-oc2.html HTTP/1.1" 200 1786 "-" "Mozilla/5.0 (compatible; Yahoo! Slurp; http://help.yahoo.com/help/us/ysearch/slurp)"
10.2.71.152 - - [20/Oct/2014:14:46:20 +0900] "GET /Pub/Club/KBIT/2013/photo/201308-OC1/oc11.jpg HTTP/1.1" 200 183028 "https://www.google.co.jp/" "Mozilla/5.0 (Windows NT 6.1) AppleWebKit/537.36 (KHTML, like Gecko) Chrome/38.0.2125.104 Sa
fari/537.36"
10.249.64.14 - - [20/Oct/2014:15:21:05 +0900] "GET /~kawagoi/ical/ics/ical.php?ical=semi.ics HTTP/1.1" 200 1876 "-" "Mozilla/5.0 (compatible; Googlebot/2.1; +http://www.google.com/bot.html)"
10.238.250.120 - - [20/Oct/2014:15:45:50 +0900] "CONNECT www.google.com:443 HTTP/1.0" 405 379 "-" "-"
10.139.134.98 - - [20/Oct/2014:16:08:27 +0900] "GET /~hiconyan/feed.php HTTP/1.1" 404 360 "http://pipes.yahoo.com/pipes/pipe.info?_id=fbba9f537b5dbbdc707bb306a44c720b" "YahooCacheSystem"
10.62.187.173 - - [20/Oct/2014:16:10:14 +0900] "GET /~hiconyan/doku.php?id=wiki:dokuwiki HTTP/1.1" 404 360 "http://poulenc.eng.kagawa-u.ac.jp/" "Mozilla/5.0 (X11; Ubuntu; Linux i686; rv:21.0) Gecko/20100101 Firefox/21.0"
10.92.177.238 - - [20/Oct/2014:16:14:27 +0900] "GET /Pub/Club/KBIT HTTP/1.1" 301 400 "-" "Mozilla/5.0 (Macintosh; Intel Mac OS X 10.10; rv:32.0) Gecko/20100101 Firefox/32.0"
10.92.177.238 - - [20/Oct/2014:16:14:27 +0900] "GET /Pub/Club/KBIT/ HTTP/1.1" 200 12733 "-" "Mozilla/5.0 (Macintosh; Intel Mac OS X 10.10; rv:32.0) Gecko/20100101 Firefox/32.0"
10.92.177.238 - - [20/Oct/2014:16:14:27 +0900] "GET /Pub/Club/KBIT/styles/style.css HTTP/1.1" 200 1330 "http://poulenc.eng.kagawa-u.ac.jp/Pub/Club/KBIT/" "Mozilla/5.0 (Macintosh; Intel Mac OS X 10.10; rv:32.0) Gecko/20100101 Firefox/32.0
"
10.92.177.238 - - [20/Oct/2014:16:14:28 +0900] "GET /Pub/Club/KBIT/styles/top_pic.png HTTP/1.1" 200 215986 "http://poulenc.eng.kagawa-u.ac.jp/Pub/Club/KBIT/" "Mozilla/5.0 (Macintosh; Intel Mac OS X 10.10; rv:32.0) Gecko/20100101 Firefox/
32.0"
10.92.177.238 - - [20/Oct/2014:16:14:28 +0900] "GET /Pub/Club/KBIT/styles/bg.png HTTP/1.1" 200 184 "http://poulenc.eng.kagawa-u.ac.jp/Pub/Club/KBIT/styles/style.css" "Mozilla/5.0 (Macintosh; Intel Mac OS X 10.10; rv:32.0) Gecko/20100101 
Firefox/32.0"
10.92.177.238 - - [20/Oct/2014:16:14:28 +0900] "GET /Pub/Club/KBIT/styles/rail.png HTTP/1.1" 200 269 "http://poulenc.eng.kagawa-u.ac.jp/Pub/Club/KBIT/styles/style.css" "Mozilla/5.0 (Macintosh; Intel Mac OS X 10.10; rv:32.0) Gecko/2010010
1 Firefox/32.0"
10.92.177.238 - - [20/Oct/2014:16:14:28 +0900] "GET /favicon.ico HTTP/1.1" 404 353 "-" "Mozilla/5.0 (Macintosh; Intel Mac OS X 10.10; rv:32.0) Gecko/20100101 Firefox/32.0"
10.92.177.238 - - [20/Oct/2014:16:14:28 +0900] "GET /favicon.ico HTTP/1.1" 404 353 "-" "Mozilla/5.0 (Macintosh; Intel Mac OS X 10.10; rv:32.0) Gecko/20100101 Firefox/32.0"
10.92.177.238 - - [20/Oct/2014:16:16:05 +0900] "GET /Pub/Club/KBIT/2013/ HTTP/1.1" 200 4608 "http://poulenc.eng.kagawa-u.ac.jp/Pub/Club/KBIT/" "Mozilla/5.0 (Macintosh; Intel Mac OS X 10.10; rv:32.0) Gecko/20100101 Firefox/32.0"
10.92.177.238 - - [20/Oct/2014:16:16:06 +0900] "GET /Pub/Club/KBIT/2013/photo/2013.jpg HTTP/1.1" 200 165822 "http://poulenc.eng.kagawa-u.ac.jp/Pub/Club/KBIT/2013/" "Mozilla/5.0 (Macintosh; Intel Mac OS X 10.10; rv:32.0) Gecko/20100101 Fi
refox/32.0"
10.92.177.238 - - [20/Oct/2014:16:16:27 +0900] "GET /Pub/Club/KBIT/2013/event/201311-oc2.html HTTP/1.1" 200 1786 "http://poulenc.eng.kagawa-u.ac.jp/Pub/Club/KBIT/2013/" "Mozilla/5.0 (Macintosh; Intel Mac OS X 10.10; rv:32.0) Gecko/201001
01 Firefox/32.0"
10.92.177.238 - - [20/Oct/2014:16:16:27 +0900] "GET /Pub/Club/KBIT/2013/photo/201311-OC2/oc1.jpg HTTP/1.1" 404 385 "http://poulenc.eng.kagawa-u.ac.jp/Pub/Club/KBIT/2013/event/201311-oc2.html" "Mozilla/5.0 (Macintosh; Intel Mac OS X 10.10
; rv:32.0) Gecko/20100101 Firefox/32.0"
10.92.177.238 - - [20/Oct/2014:16:16:27 +0900] "GET /Pub/Club/KBIT/2013/photo/201311-OC2/oc2.jpg HTTP/1.1" 404 385 "http://poulenc.eng.kagawa-u.ac.jp/Pub/Club/KBIT/2013/event/201311-oc2.html" "Mozilla/5.0 (Macintosh; Intel Mac OS X 10.10
; rv:32.0) Gecko/20100101 Firefox/32.0"
10.92.177.238 - - [20/Oct/2014:16:18:02 +0900] "GET /Pub/Club/KBIT/2014/ HTTP/1.1" 200 4608 "-" "Mozilla/5.0 (Macintosh; Intel Mac OS X 10.10; rv:32.0) Gecko/20100101 Firefox/32.0"
10.92.177.238 - - [20/Oct/2014:16:18:02 +0900] "GET /Pub/Club/KBIT/2014/photo/2013.jpg HTTP/1.1" 404 375 "http://poulenc.eng.kagawa-u.ac.jp/Pub/Club/KBIT/2014/" "Mozilla/5.0 (Macintosh; Intel Mac OS X 10.10; rv:32.0) Gecko/20100101 Firef
ox/32.0"
10.92.177.238 - - [20/Oct/2014:16:21:22 +0900] "GET /Pub/Club/KBIT/2014/ HTTP/1.1" 200 4620 "-" "Mozilla/5.0 (Macintosh; Intel Mac OS X 10.10; rv:32.0) Gecko/20100101 Firefox/32.0"
10.92.177.238 - - [20/Oct/2014:16:21:22 +0900] "GET /Pub/Club/KBIT/styles/style.css HTTP/1.1" 304 - "http://poulenc.eng.kagawa-u.ac.jp/Pub/Club/KBIT/2014/" "Mozilla/5.0 (Macintosh; Intel Mac OS X 10.10; rv:32.0) Gecko/20100101 Firefox/32
.0"
10.92.177.238 - - [20/Oct/2014:16:21:22 +0900] "GET /Pub/Club/KBIT/2014/photo/2014.jpg HTTP/1.1" 404 375 "http://poulenc.eng.kagawa-u.ac.jp/Pub/Club/KBIT/2014/" "Mozilla/5.0 (Macintosh; Intel Mac OS X 10.10; rv:32.0) Gecko/20100101 Firef
ox/32.0"                                                                                                                                                                                                                                     
10.92.177.238 - - [20/Oct/2014:16:21:23 +0900] "GET /Pub/Club/KBIT/styles/top_pic.png HTTP/1.1" 304 - "http://poulenc.eng.kagawa-u.ac.jp/Pub/Club/KBIT/2014/" "Mozilla/5.0 (Macintosh; Intel Mac OS X 10.10; rv:32.0) Gecko/20100101 Firefox/
32.0"
10.92.177.238 - - [20/Oct/2014:16:21:23 +0900] "GET /Pub/Club/KBIT/styles/bg.png HTTP/1.1" 304 - "http://poulenc.eng.kagawa-u.ac.jp/Pub/Club/KBIT/styles/style.css" "Mozilla/5.0 (Macintosh; Intel Mac OS X 10.10; rv:32.0) Gecko/20100101 Fi
refox/32.0"
10.92.177.238 - - [20/Oct/2014:16:21:23 +0900] "GET /Pub/Club/KBIT/styles/rail.png HTTP/1.1" 304 - "http://poulenc.eng.kagawa-u.ac.jp/Pub/Club/KBIT/styles/style.css" "Mozilla/5.0 (Macintosh; Intel Mac OS X 10.10; rv:32.0) Gecko/20100101 
Firefox/32.0"
10.92.177.238 - - [20/Oct/2014:16:21:27 +0900] "GET /Pub/Club/KBIT/index.html HTTP/1.1" 200 12733 "http://poulenc.eng.kagawa-u.ac.jp/Pub/Club/KBIT/2014/" "Mozilla/5.0 (Macintosh; Intel Mac OS X 10.10; rv:32.0) Gecko/20100101 Firefox/32.0
"
10.249.64.10 - - [20/Oct/2014:16:24:57 +0900] "GET /~kawagoi/ical/ics/ical.php?ical=popopo.ics HTTP/1.1" 200 2627 "-" "Mozilla/5.0 (compatible; Googlebot/2.1; +http://www.google.com/bot.html)"
10.176.34.75 - - [20/Oct/2014:16:50:40 +0900] "GET /~hiconyan/doku.php?id=wiki:dokuwiki HTTP/1.0" 404 360 "http://poulenc.eng.kagawa-u.ac.jp/" "Mozilla/5.0 (X11; Ubuntu; Linux i686; rv:21.0) Gecko/20100101 Firefox/21.0"
10.226.115.179 - - [20/Oct/2014:16:57:25 +0900] "CONNECT mx3.mail2000.com.tw:25 HTTP/1.0" 405 379 "-" "-"
10.139.134.96 - - [20/Oct/2014:18:09:05 +0900] "GET /~hiconyan/feed.php HTTP/1.1" 404 360 "http://pipes.yahoo.com/pipes/pipe.info?_id=fbba9f537b5dbbdc707bb306a44c720b" "YahooCacheSystem"
10.226.117.54 - - [20/Oct/2014:18:38:02 +0900] "CONNECT mx3.mail2000.com.tw:25 HTTP/1.0" 405 379 "-" "-"
10.227.202.247 - - [20/Oct/2014:18:58:26 +0900] "GET /~hiconyan/doku.php?id=wiki:dokuwiki HTTP/1.1" 404 360 "http://poulenc.eng.kagawa-u.ac.jp/" "Mozilla/5.0 (X11; Ubuntu; Linux i686; rv:21.0) Gecko/20100101 Firefox/21.0"
10.249.64.10 - - [20/Oct/2014:19:04:49 +0900] "GET /~kawagoi/ical/ics/ical.php?ical=lab.ics HTTP/1.1" 200 2626 "-" "Mozilla/5.0 (compatible; Googlebot/2.1; +http://www.google.com/bot.html)"
10.63.54.109 - - [20/Oct/2014:19:07:55 +0900] "GET /Pub/Club/KBIT/2012/photo/201212-lego-hukuyama/lego-hukuyama_03.jpg HTTP/1.1" 200 803037 "-" "Mozilla/5.0 (iPod; CPU iPhone OS 5_1_1 like Mac OS X) AppleWebKit/534.46 (KHTML, like Gecko)
 Version/5.1 Mobile/9B206 Safari/7534.48.3"
10.106.108.116 - - [20/Oct/2014:19:10:31 +0900] "HEAD /Member/SLP/ HTTP/1.1" 401 - "-" "Hatena Antenna/0.5 (http://a.hatena.ne.jp/help)"
10.106.108.116 - - [20/Oct/2014:19:10:32 +0900] "GET /Member/SLP/ HTTP/1.1" 401 545 "-" "Hatena Antenna/0.5 (http://a.hatena.ne.jp/help)"
10.55.39.143 - - [20/Oct/2014:19:34:07 +0900] "GET /robots.txt HTTP/1.1" 200 18 "-" "Mozilla/5.0 (compatible; bingbot/2.0; +http://www.bing.com/bingbot.htm)"
10.55.39.143 - - [20/Oct/2014:19:34:13 +0900] "GET / HTTP/1.1" 200 20 "-" "Mozilla/5.0 (compatible; bingbot/2.0; +http://www.bing.com/bingbot.htm)"
10.139.134.97 - - [20/Oct/2014:20:09:21 +0900] "GET /~hiconyan/feed.php HTTP/1.1" 404 360 "http://pipes.yahoo.com/pipes/pipe.info?_id=fbba9f537b5dbbdc707bb306a44c720b" "YahooCacheSystem"
10.249.64.10 - - [20/Oct/2014:20:11:43 +0900] "GET /~kawagoi/ical/ics/ical.php?ical=lab_test.ics HTTP/1.1" 200 2628 "-" "Mozilla/5.0 (compatible; Googlebot/2.1; +http://www.google.com/bot.html)"
10.139.134.97 - - [20/Oct/2014:22:10:12 +0900] "GET /~hiconyan/feed.php HTTP/1.1" 404 360 "http://pipes.yahoo.com/pipes/pipe.info?_id=fbba9f537b5dbbdc707bb306a44c720b" "YahooCacheSystem"
10.111.77.247 - - [20/Oct/2014:22:27:20 +0900] "GET /~tanasho/beatmania/user/ HTTP/1.1" 200 7205 "http://t.co/2bzPz3Msnt" "Mozilla/5.0 (Windows NT 6.1; WOW64; rv:32.0) Gecko/20100101 Firefox/32.0"
10.111.77.247 - - [20/Oct/2014:22:27:21 +0900] "GET /~tanasho/beatmania/user/favicon.ico HTTP/1.1" 404 377 "-" "Mozilla/5.0 (Windows NT 6.1; WOW64; rv:32.0) Gecko/20100101 Firefox/32.0"
10.111.77.247 - - [20/Oct/2014:22:27:21 +0900] "GET /~tanasho/beatmania/user/favicon.ico HTTP/1.1" 404 377 "-" "Mozilla/5.0 (Windows NT 6.1; WOW64; rv:32.0) Gecko/20100101 Firefox/32.0"
10.111.77.247 - - [20/Oct/2014:22:27:21 +0900] "GET /~tanasho/beatmania/css/bootstrap.cerulean.min.css HTTP/1.1" 200 104847 "http://poulenc.eng.kagawa-u.ac.jp/~tanasho/beatmania/user/" "Mozilla/5.0 (Windows NT 6.1; WOW64; rv:32.0) Gecko/
20100101 Firefox/32.0"
10.111.77.247 - - [20/Oct/2014:22:27:21 +0900] "GET /~tanasho/analysis/mrliteLogger.js HTTP/1.1" 200 1046 "http://poulenc.eng.kagawa-u.ac.jp/~tanasho/beatmania/user/" "Mozilla/5.0 (Windows NT 6.1; WOW64; rv:32.0) Gecko/20100101 Firefox/3
2.0"
10.111.77.247 - - [20/Oct/2014:22:27:21 +0900] "GET /~tanasho/analysis/mrliteLogger.php?PID=http%3A//poulenc.eng.kagawa-u.ac.jp/%7Etanasho/beatmania/user/&PTITLE=%u53C2%u8003%u8868%u767B%u9332%u8005%u4E00%u89A7&PPID=http%3A//t.co/2bzPz3M
snt&XENO_COOKIE_ENABLED=1 HTTP/1.1" 200 1435 "http://poulenc.eng.kagawa-u.ac.jp/~tanasho/beatmania/user/" "Mozilla/5.0 (Windows NT 6.1; WOW64; rv:32.0) Gecko/20100101 Firefox/32.0"
10.249.67.58 - - [20/Oct/2014:23:09:30 +0900] "GET /robots.txt HTTP/1.1" 200 18 "-" "Mozilla/5.0 (compatible; Googlebot/2.1; +http://www.google.com/bot.html)"
10.249.67.50 - - [20/Oct/2014:23:09:30 +0900] "GET /Pub/Club/KBIT/index.html HTTP/1.1" 200 12733 "-" "Mozilla/5.0 (compatible; Googlebot/2.1; +http://www.google.com/bot.html)"
10.249.67.50 - - [20/Oct/2014:23:23:13 +0900] "GET /Pub/Club/KBIT/styles/style.css HTTP/1.1" 200 1330 "-" "Mozilla/5.0 (compatible; Googlebot/2.1; +http://www.google.com/bot.html)"
10.249.67.58 - - [20/Oct/2014:23:49:51 +0900] "GET /~kawagoi/ical/ics/ical.php?ical=popopo.ics HTTP/1.1" 200 2627 "-" "GoogleBot/2.1"
10.249.67.66 - - [21/Oct/2014:00:08:36 +0900] "GET /Pub/Club/KBIT/2013/slide/slide.pdf HTTP/1.1" 200 3635714 "-" "Mozilla/5.0 (compatible; Googlebot/2.1; +http://www.google.com/bot.html)"
10.139.134.99 - - [21/Oct/2014:00:11:00 +0900] "GET /~hiconyan/feed.php HTTP/1.1" 404 360 "http://pipes.yahoo.com/pipes/pipe.info?_id=fbba9f537b5dbbdc707bb306a44c720b" "YahooCacheSystem"
10.63.196.106 - - [21/Oct/2014:01:23:33 +0900] "GET / HTTP/1.1" 200 20 "-" "Mozilla/5.0 (compatible; Baiduspider/2.0; +http://www.baidu.com/search/spider.html)"
10.62.154.100 - - [21/Oct/2014:01:55:21 +0900] "GET /~hiconyan/doku.php?id=wiki:dokuwiki HTTP/1.1" 404 360 "http://poulenc.eng.kagawa-u.ac.jp/" "Mozilla/5.0 (X11; Ubuntu; Linux i686; rv:21.0) Gecko/20100101 Firefox/21.0"
10.249.67.50 - - [21/Oct/2014:02:01:58 +0900] "GET /~kawagoi/ical/ics/ical.php?ical=lab.ics HTTP/1.1" 200 2626 "-" "GoogleBot/2.1"
10.139.134.96 - - [21/Oct/2014:02:11:43 +0900] "GET /~hiconyan/feed.php HTTP/1.1" 404 360 "http://pipes.yahoo.com/pipes/pipe.info?_id=fbba9f537b5dbbdc707bb306a44c720b" "YahooCacheSystem"
10.4.227.194 - - [21/Oct/2014:02:30:53 +0900] "GET http://24x7-allrequestsallowed.com/?PHPSESSID=1rysxtR500143PQPJ_T_FFAFWN HTTP/1.1" 200 20 "-" "-"
10.249.67.50 - - [21/Oct/2014:03:37:27 +0900] "GET /~kawagoi/ical/ics/ical.php?ical=lab_test.ics HTTP/1.1" 200 2628 "-" "GoogleBot/2.1"
10.249.67.58 - - [21/Oct/2014:03:51:00 +0900] "GET / HTTP/1.1" 200 20 "-" "Mozilla/5.0 (iPhone; CPU iPhone OS 6_0 like Mac OS X) AppleWebKit/536.26 (KHTML, like Gecko) Version/6.0 Mobile/10A5376e Safari/8536.25 (compatible; Googlebot/2.1
; +http://www.google.com/bot.html)"
10.139.134.98 - - [21/Oct/2014:04:12:23 +0900] "GET /~hiconyan/feed.php HTTP/1.1" 404 360 "http://pipes.yahoo.com/pipes/pipe.info?_id=fbba9f537b5dbbdc707bb306a44c720b" "YahooCacheSystem"
10.249.67.66 - - [21/Oct/2014:04:28:52 +0900] "GET /~kawagoi/ical/ics/ical.php?ical=semi.ics HTTP/1.1" 200 1876 "-" "GoogleBot/2.1"
10.249.67.66 - - [21/Oct/2014:04:34:28 +0900] "GET / HTTP/1.1" 200 20 "-" "Mozilla/5.0 (iPhone; CPU iPhone OS 6_0 like Mac OS X) AppleWebKit/536.26 (KHTML, like Gecko) Version/6.0 Mobile/10A5376e Safari/8536.25 (compatible; Googlebot/2.1
; +http://www.google.com/bot.html)"
10.55.39.149 - - [21/Oct/2014:05:30:38 +0900] "GET /Pub/Club/KBIT/2013/event/201305-bbq.html HTTP/1.1" 200 1915 "-" "Mozilla/5.0 (compatible; bingbot/2.0; +http://www.bing.com/bingbot.htm)"
10.73.74.82 - - [21/Oct/2014:05:38:41 +0900] "GET /test/wp-admin/ HTTP/1.1" 404 356 "-" "-"
10.101.157.16 - - [21/Oct/2014:05:48:22 +0900] "GET /wordpress/wp-admin/ HTTP/1.1" 404 361 "-" "-"
10.109.181.217 - - [21/Oct/2014:05:58:04 +0900] "GET /blog/wp-admin/ HTTP/1.1" 404 356 "-" "-"
10.213.25.66 - - [21/Oct/2014:06:04:24 +0900] "GET /muieblackcat HTTP/1.1" 404 354 "-" "-"
10.213.25.66 - - [21/Oct/2014:06:04:24 +0900] "GET //scripts/setup.php HTTP/1.1" 404 359 "-" "-"
10.213.25.66 - - [21/Oct/2014:06:04:25 +0900] "GET //admin/scripts/setup.php HTTP/1.1" 404 365 "-" "-"
10.213.25.66 - - [21/Oct/2014:06:04:25 +0900] "GET //admin/pma/scripts/setup.php HTTP/1.1" 404 369 "-" "-"
10.213.25.66 - - [21/Oct/2014:06:04:26 +0900] "GET //admin/phpmyadmin/scripts/setup.php HTTP/1.1" 404 376 "-" "-"
10.213.25.66 - - [21/Oct/2014:06:04:26 +0900] "GET //db/scripts/setup.php HTTP/1.1" 404 362 "-" "-"
10.213.25.66 - - [21/Oct/2014:06:04:26 +0900] "GET //dbadmin/scripts/setup.php HTTP/1.1" 404 367 "-" "-"
10.213.25.66 - - [21/Oct/2014:06:04:27 +0900] "GET //myadmin/scripts/setup.php HTTP/1.1" 404 367 "-" "-"
10.213.25.66 - - [21/Oct/2014:06:04:27 +0900] "GET //mysql/scripts/setup.php HTTP/1.1" 404 365 "-" "-"
10.213.25.66 - - [21/Oct/2014:06:04:28 +0900] "GET //mysqladmin/scripts/setup.php HTTP/1.1" 404 370 "-" "-"
10.213.25.66 - - [21/Oct/2014:06:04:28 +0900] "GET //typo3/phpmyadmin/scripts/setup.php HTTP/1.1" 404 376 "-" "-"
10.213.25.66 - - [21/Oct/2014:06:04:28 +0900] "GET //phpadmin/scripts/setup.php HTTP/1.1" 404 368 "-" "-"
10.213.25.66 - - [21/Oct/2014:06:04:29 +0900] "GET //pma/scripts/setup.php HTTP/1.1" 404 363 "-" "-"
10.213.25.66 - - [21/Oct/2014:06:04:29 +0900] "GET //web/phpMyAdmin/scripts/setup.php HTTP/1.1" 404 374 "-" "-"
10.213.25.66 - - [21/Oct/2014:06:04:30 +0900] "GET //xampp/phpmyadmin/scripts/setup.php HTTP/1.1" 404 376 "-" "-"
10.213.25.66 - - [21/Oct/2014:06:04:30 +0900] "GET //web/scripts/setup.php HTTP/1.1" 404 363 "-" "-"
10.213.25.66 - - [21/Oct/2014:06:04:30 +0900] "GET //php-my-admin/scripts/setup.php HTTP/1.1" 404 372 "-" "-"
10.213.25.66 - - [21/Oct/2014:06:04:31 +0900] "GET //websql/scripts/setup.php HTTP/1.1" 404 366 "-" "-"
10.213.25.66 - - [21/Oct/2014:06:04:31 +0900] "GET //phpMyAdmin-2/scripts/setup.php HTTP/1.1" 404 372 "-" "-"
10.213.25.66 - - [21/Oct/2014:06:04:32 +0900] "GET //_phpmyadmin/scripts/setup.php HTTP/1.1" 404 371 "-" "-"
10.213.25.66 - - [21/Oct/2014:06:04:32 +0900] "GET //administrator/components/com_joommyadmin/phpmyadmin/scripts/setup.php HTTP/1.1" 404 411 "-" "-"
10.213.25.66 - - [21/Oct/2014:06:04:33 +0900] "GET //apache-default/phpmyadmin/scripts/setup.php HTTP/1.1" 404 385 "-" "-"
10.213.25.66 - - [21/Oct/2014:06:04:33 +0900] "GET //blog/phpmyadmin/scripts/setup.php HTTP/1.1" 404 375 "-" "-"
10.213.25.66 - - [21/Oct/2014:06:04:33 +0900] "GET //cpanelphpmyadmin/scripts/setup.php HTTP/1.1" 404 376 "-" "-"
10.213.25.66 - - [21/Oct/2014:06:04:34 +0900] "GET //cpphpmyadmin/scripts/setup.php HTTP/1.1" 404 372 "-" "-"
10.213.25.66 - - [21/Oct/2014:06:04:34 +0900] "GET //forum/phpmyadmin/scripts/setup.php HTTP/1.1" 404 376 "-" "-"
10.213.25.66 - - [21/Oct/2014:06:04:35 +0900] "GET //php/phpmyadmin/scripts/setup.php HTTP/1.1" 404 374 "-" "-"
10.213.25.66 - - [21/Oct/2014:06:04:35 +0900] "GET //phpmyadmin/scripts/setup.php HTTP/1.1" 404 370 "-" "-"
10.213.25.66 - - [21/Oct/2014:06:04:35 +0900] "GET //phpMyAdmin-2.10.0.0/scripts/setup.php HTTP/1.1" 404 379 "-" "-"
10.213.25.66 - - [21/Oct/2014:06:04:36 +0900] "GET //phpMyAdmin-2.10.0.1/scripts/setup.php HTTP/1.1" 404 379 "-" "-"
10.213.25.66 - - [21/Oct/2014:06:04:36 +0900] "GET //phpMyAdmin-2.10.0.2/scripts/setup.php HTTP/1.1" 404 379 "-" "-"
10.213.25.66 - - [21/Oct/2014:06:04:37 +0900] "GET //phpMyAdmin-2.10.0/scripts/setup.php HTTP/1.1" 404 377 "-" "-"
10.213.25.66 - - [21/Oct/2014:06:04:37 +0900] "GET //phpMyAdmin-2.10.1.0/scripts/setup.php HTTP/1.1" 404 379 "-" "-"
10.213.25.66 - - [21/Oct/2014:06:04:37 +0900] "GET //phpMyAdmin-2.10.2.0/scripts/setup.php HTTP/1.1" 404 379 "-" "-"
10.213.25.66 - - [21/Oct/2014:06:04:38 +0900] "GET //phpMyAdmin-2.11.0.0/scripts/setup.php HTTP/1.1" 404 379 "-" "-"
10.213.25.66 - - [21/Oct/2014:06:04:38 +0900] "GET //phpMyAdmin-2.11.1-all-languages/scripts/setup.php HTTP/1.1" 404 391 "-" "-"
10.213.25.66 - - [21/Oct/2014:06:04:39 +0900] "GET //phpMyAdmin-2.11.1.0/scripts/setup.php HTTP/1.1" 404 379 "-" "-"
10.213.25.66 - - [21/Oct/2014:06:04:39 +0900] "GET //phpMyAdmin-2.11.1.1/scripts/setup.php HTTP/1.1" 404 379 "-" "-"
10.213.25.66 - - [21/Oct/2014:06:04:40 +0900] "GET //phpMyAdmin-2.11.1.2/scripts/setup.php HTTP/1.1" 404 379 "-" "-"
10.213.25.66 - - [21/Oct/2014:06:04:40 +0900] "GET //phpMyAdmin-2.6.1-pl2/scripts/setup.php HTTP/1.1" 404 380 "-" "-"
10.213.25.66 - - [21/Oct/2014:06:04:40 +0900] "GET //phpMyAdmin-2.6.1-pl3/scripts/setup.php HTTP/1.1" 404 380 "-" "-"
10.213.25.66 - - [21/Oct/2014:06:04:41 +0900] "GET //phpMyAdmin-2.6.4-pl3/scripts/setup.php HTTP/1.1" 404 380 "-" "-"
10.213.25.66 - - [21/Oct/2014:06:04:41 +0900] "GET //phpMyAdmin-2.6.4-pl4/scripts/setup.php HTTP/1.1" 404 380 "-" "-"
10.213.25.66 - - [21/Oct/2014:06:04:42 +0900] "GET //phpMyAdmin-2.6.4-rc1/scripts/setup.php HTTP/1.1" 404 380 "-" "-"
10.213.25.66 - - [21/Oct/2014:06:04:42 +0900] "GET //phpMyAdmin-2.6.5/scripts/setup.php HTTP/1.1" 404 376 "-" "-"
10.213.25.66 - - [21/Oct/2014:06:04:42 +0900] "GET //phpMyAdmin-2.6.6/scripts/setup.php HTTP/1.1" 404 376 "-" "-"
10.213.25.66 - - [21/Oct/2014:06:04:43 +0900] "GET //phpMyAdmin-2.6.9/scripts/setup.php HTTP/1.1" 404 376 "-" "-"
10.213.25.66 - - [21/Oct/2014:06:04:43 +0900] "GET //phpMyAdmin-2.7.0-beta1/scripts/setup.php HTTP/1.1" 404 382 "-" "-"
10.213.25.66 - - [21/Oct/2014:06:04:44 +0900] "GET //phpMyAdmin-2.7.0-pl1/scripts/setup.php HTTP/1.1" 404 380 "-" "-"
10.213.25.66 - - [21/Oct/2014:06:04:44 +0900] "GET //phpMyAdmin-2.7.0-pl2/scripts/setup.php HTTP/1.1" 404 380 "-" "-"
10.213.25.66 - - [21/Oct/2014:06:04:44 +0900] "GET //phpMyAdmin-2.7.0-rc1/scripts/setup.php HTTP/1.1" 404 380 "-" "-"
10.213.25.66 - - [21/Oct/2014:06:04:45 +0900] "GET //phpMyAdmin-2.7.5/scripts/setup.php HTTP/1.1" 404 376 "-" "-"
10.213.25.66 - - [21/Oct/2014:06:04:45 +0900] "GET //phpMyAdmin-2.7.6/scripts/setup.php HTTP/1.1" 404 376 "-" "-"
10.213.25.66 - - [21/Oct/2014:06:04:46 +0900] "GET //phpMyAdmin-2.7.7/scripts/setup.php HTTP/1.1" 404 376 "-" "-"
10.213.25.66 - - [21/Oct/2014:06:04:46 +0900] "GET //phpMyAdmin-2.8.2.3/scripts/setup.php HTTP/1.1" 404 378 "-" "-"
10.213.25.66 - - [21/Oct/2014:06:04:47 +0900] "GET //phpMyAdmin-2.8.2/scripts/setup.php HTTP/1.1" 404 376 "-" "-"
10.213.25.66 - - [21/Oct/2014:06:04:47 +0900] "GET //phpMyAdmin-2.8.3/scripts/setup.php HTTP/1.1" 404 376 "-" "-"
10.213.25.66 - - [21/Oct/2014:06:04:47 +0900] "GET //phpMyAdmin-2.8.4/scripts/setup.php HTTP/1.1" 404 376 "-" "-"
10.213.25.66 - - [21/Oct/2014:06:04:48 +0900] "GET //phpMyAdmin-2.8.5/scripts/setup.php HTTP/1.1" 404 376 "-" "-"
10.213.25.66 - - [21/Oct/2014:06:04:48 +0900] "GET //phpMyAdmin-2.8.6/scripts/setup.php HTTP/1.1" 404 376 "-" "-"
10.213.25.66 - - [21/Oct/2014:06:04:49 +0900] "GET //phpMyAdmin-2.8.7/scripts/setup.php HTTP/1.1" 404 376 "-" "-"
10.213.25.66 - - [21/Oct/2014:06:04:49 +0900] "GET //phpMyAdmin-2.8.8/scripts/setup.php HTTP/1.1" 404 376 "-" "-"
10.213.25.66 - - [21/Oct/2014:06:04:49 +0900] "GET //phpMyAdmin-2.8.9/scripts/setup.php HTTP/1.1" 404 376 "-" "-"
10.213.25.66 - - [21/Oct/2014:06:04:50 +0900] "GET //phpMyAdmin-2.9.0-rc1/scripts/setup.php HTTP/1.1" 404 380 "-" "-"
10.213.25.66 - - [21/Oct/2014:06:04:50 +0900] "GET //phpMyAdmin-2.9.0.1/scripts/setup.php HTTP/1.1" 404 378 "-" "-"
10.213.25.66 - - [21/Oct/2014:06:04:51 +0900] "GET //phpMyAdmin-2.9.0.2/scripts/setup.php HTTP/1.1" 404 378 "-" "-"
10.213.25.66 - - [21/Oct/2014:06:04:51 +0900] "GET //phpMyAdmin-2.9.0/scripts/setup.php HTTP/1.1" 404 376 "-" "-"
10.213.25.66 - - [21/Oct/2014:06:04:51 +0900] "GET //phpMyAdmin-2.9.1/scripts/setup.php HTTP/1.1" 404 376 "-" "-"
10.213.25.66 - - [21/Oct/2014:06:04:52 +0900] "GET //phpMyAdmin-2.9.2/scripts/setup.php HTTP/1.1" 404 376 "-" "-"
10.213.25.66 - - [21/Oct/2014:06:04:52 +0900] "GET //phpMyAdmin-2/scripts/setup.php HTTP/1.1" 404 372 "-" "-"
10.213.25.66 - - [21/Oct/2014:06:04:53 +0900] "GET //phpMyAdmin-3.0.0-rc1-english/scripts/setup.php HTTP/1.1" 404 388 "-" "-"
10.213.25.66 - - [21/Oct/2014:06:04:53 +0900] "GET //phpMyAdmin-3.0.0.0-all-languages/scripts/setup.php HTTP/1.1" 404 392 "-" "-"
10.213.25.66 - - [21/Oct/2014:06:04:54 +0900] "GET //phpMyAdmin-3.0.1.0-english/scripts/setup.php HTTP/1.1" 404 386 "-" "-"
10.213.25.66 - - [21/Oct/2014:06:04:54 +0900] "GET //phpMyAdmin-3.0.1.0/scripts/setup.php HTTP/1.1" 404 378 "-" "-"
10.213.25.66 - - [21/Oct/2014:06:04:54 +0900] "GET //phpMyAdmin-3.0.1.1/scripts/setup.php HTTP/1.1" 404 378 "-" "-"
10.213.25.66 - - [21/Oct/2014:06:04:55 +0900] "GET //phpMyAdmin-3.1.0.0-english/scripts/setup.php HTTP/1.1" 404 386 "-" "-"
10.213.25.66 - - [21/Oct/2014:06:04:55 +0900] "GET //phpMyAdmin-3.1.0.0/scripts/setup.php HTTP/1.1" 404 378 "-" "-"
10.213.25.66 - - [21/Oct/2014:06:04:56 +0900] "GET //phpMyAdmin-3.1.1.0-all-languages/scripts/setup.php HTTP/1.1" 404 392 "-" "-"
10.213.25.66 - - [21/Oct/2014:06:04:56 +0900] "GET //phpMyAdmin-3.1.2.0-all-languages/scripts/setup.php HTTP/1.1" 404 392 "-" "-"
10.213.25.66 - - [21/Oct/2014:06:04:56 +0900] "GET //phpMyAdmin-3.1.2.0-english/scripts/setup.php HTTP/1.1" 404 386 "-" "-"
10.213.25.66 - - [21/Oct/2014:06:04:57 +0900] "GET //phpMyAdmin-3.1.2.0/scripts/setup.php HTTP/1.1" 404 378 "-" "-"
10.213.25.66 - - [21/Oct/2014:06:04:57 +0900] "GET //phpMyAdmin-3.4.3.1/scripts/setup.php HTTP/1.1" 404 378 "-" "-"
10.213.25.66 - - [21/Oct/2014:06:04:58 +0900] "GET //phpMyAdmin2/scripts/setup.php HTTP/1.1" 404 371 "-" "-"
10.213.25.66 - - [21/Oct/2014:06:04:58 +0900] "GET //phpMyAdmin3/scripts/setup.php HTTP/1.1" 404 371 "-" "-"
10.139.134.97 - - [21/Oct/2014:06:12:38 +0900] "GET /~hiconyan/feed.php HTTP/1.1" 404 360 "http://pipes.yahoo.com/pipes/pipe.info?_id=fbba9f537b5dbbdc707bb306a44c720b" "YahooCacheSystem"
10.168.193.33 - - [21/Oct/2014:06:17:29 +0900] "GET /old/wp-admin/ HTTP/1.1" 404 355 "-" "-"
10.174.89.19 - - [21/Oct/2014:06:48:12 +0900] "GET / HTTP/1.1" 200 20 "-" "Mozilla/5.0 (compatible; Muenster University of Applied Sciences; +http://fb02itsscan.fh-muenster.de)"
10.62.187.64 - - [21/Oct/2014:06:54:27 +0900] "GET /~hiconyan/doku.php?id=wiki:dokuwiki HTTP/1.1" 404 360 "http://poulenc.eng.kagawa-u.ac.jp/" "Mozilla/5.0 (X11; Ubuntu; Linux i686; rv:21.0) Gecko/20100101 Firefox/21.0"
10.62.154.100 - - [21/Oct/2014:07:05:23 +0900] "GET /~hiconyan/doku.php?id=wiki:dokuwiki HTTP/1.1" 404 360 "http://poulenc.eng.kagawa-u.ac.jp/" "Mozilla/5.0 (X11; Ubuntu; Linux i686; rv:21.0) Gecko/20100101 Firefox/21.0"
10.249.67.58 - - [21/Oct/2014:07:18:53 +0900] "GET /~kawagoi/ical/ics/ical.php?ical=popopo.ics HTTP/1.1" 200 2627 "-" "GoogleBot/2.1"
10.232.155.50 - - [21/Oct/2014:07:22:42 +0900] "HEAD / HTTP/1.0" 200 - "-" "-"
10.19.127.192 - - [21/Oct/2014:07:49:11 +0900] "GET /~hiconyan/doku.php?id=wiki:dokuwiki HTTP/1.1" 404 360 "http://poulenc.eng.kagawa-u.ac.jp/" "Mozilla/5.0 (X11; Ubuntu; Linux i686; rv:21.0) Gecko/20100101 Firefox/21.0"
10.139.134.97 - - [21/Oct/2014:08:13:11 +0900] "GET /~hiconyan/feed.php HTTP/1.1" 404 360 "http://pipes.yahoo.com/pipes/pipe.info?_id=fbba9f537b5dbbdc707bb306a44c720b" "YahooCacheSystem"
10.249.67.58 - - [21/Oct/2014:08:13:18 +0900] "GET /~kawagoi/ical/ics/ical.php?ical=lab.ics HTTP/1.1" 200 2626 "-" "GoogleBot/2.1"
10.163.65.178 - - [21/Oct/2014:08:26:57 +0900] "CONNECT mx0.mail2000.com.tw:25 HTTP/1.0" 405 379 "-" "-"
10.62.87.208 - - [21/Oct/2014:08:28:34 +0900] "GET /tmUnblock.cgi HTTP/1.1" 400 370 "-" "-"
10.139.134.98 - - [21/Oct/2014:10:13:55 +0900] "GET /~hiconyan/feed.php HTTP/1.1" 404 360 "http://pipes.yahoo.com/pipes/pipe.info?_id=fbba9f537b5dbbdc707bb306a44c720b" "YahooCacheSystem"
10.205.75.87 - - [21/Oct/2014:10:16:59 +0900] "GET /~tanasho/analysis/index.php HTTP/1.1" 302 - "-" "Mozilla/5.0 (iPhone; CPU iPhone OS 8_0 like Mac OS X) AppleWebKit/600.1.4 (KHTML, like Gecko) CriOS/38.0.2125.59 Mobile/12A365 Safari/60
0.1.4"
10.205.75.87 - - [21/Oct/2014:10:17:00 +0900] "GET /~tanasho/analysis/mr_gway.php HTTP/1.1" 200 1432 "-" "Mozilla/5.0 (iPhone; CPU iPhone OS 8_0 like Mac OS X) AppleWebKit/600.1.4 (KHTML, like Gecko) CriOS/38.0.2125.59 Mobile/12A365 Safa
ri/600.1.4"
10.205.75.87 - - [21/Oct/2014:10:17:10 +0900] "GET /~tanasho/analysis/img/logo.gif HTTP/1.1" 200 716 "http://poulenc.eng.kagawa-u.ac.jp/~tanasho/analysis/mr_gway.php" "Mozilla/5.0 (iPhone; CPU iPhone OS 8_0 like Mac OS X) AppleWebKit/600
.1.4 (KHTML, like Gecko) CriOS/38.0.2125.59 Mobile/12A365 Safari/600.1.4"
10.205.75.87 - - [21/Oct/2014:10:17:12 +0900] "GET /favicon.ico HTTP/1.1" 404 353 "-" "Mozilla/5.0 (iPhone; CPU iPhone OS 8_0 like Mac OS X) AppleWebKit/600.1.4 (KHTML, like Gecko) CriOS/38.0.2125.59 Mobile/12A365 Safari/600.1.4"
10.249.67.58 - - [21/Oct/2014:10:27:52 +0900] "GET /~kawagoi/ical/ics/ical.php?ical=lab_test.ics HTTP/1.1" 200 2628 "-" "GoogleBot/2.1"
10.155.77.127 - - [21/Oct/2014:10:36:13 +0900] "GET /~hiconyan/doku.php?id=wiki:dokuwiki HTTP/1.1" 404 360 "http://poulenc.eng.kagawa-u.ac.jp/" "Mozilla/5.0 (X11; Ubuntu; Linux i686; rv:21.0) Gecko/20100101 Firefox/21.0"
10.249.67.66 - - [21/Oct/2014:11:24:30 +0900] "GET /~kawagoi/ical/ics/ical.php?ical=semi.ics HTTP/1.1" 200 1876 "-" "GoogleBot/2.1"
10.167.32.217 - - [21/Oct/2014:11:40:29 +0900] "GET / HTTP/1.1" 200 20 "-" "Mozilla/5.0 (Windows NT 5.1; rv:9.0.1) Gecko/20100101 Firefox/9.0.1"
10.167.32.217 - - [21/Oct/2014:11:40:29 +0900] "GET http://www.msftncsi.com/ncsi.txt HTTP/1.1" 404 350 "-" "Mozilla/5.0 (Windows NT 5.1; rv:9.0.1) Gecko/20100101 Firefox/9.0.1"
10.167.32.217 - - [21/Oct/2014:11:40:29 +0900] "GET /HNAP1/ HTTP/1.1" 404 348 "-" "Mozilla/5.0 (Windows NT 5.1; rv:9.0.1) Gecko/20100101 Firefox/9.0.1"
10.139.134.98 - - [21/Oct/2014:12:14:33 +0900] "GET /~hiconyan/feed.php HTTP/1.1" 404 360 "http://pipes.yahoo.com/pipes/pipe.info?_id=fbba9f537b5dbbdc707bb306a44c720b" "YahooCacheSystem"
10.92.147.245 - - [21/Oct/2014:12:20:51 +0900] "GET /~kuramoto/Task/ HTTP/1.1" 200 1235 "-" "Mozilla/5.0 (Windows NT 6.1; WOW64; rv:32.0) Gecko/20100101 Firefox/32.0"
10.92.147.245 - - [21/Oct/2014:12:20:52 +0900] "GET /~kuramoto/Task/js/func.js HTTP/1.1" 200 84 "http://poulenc.eng.kagawa-u.ac.jp/~kuramoto/Task/" "Mozilla/5.0 (Windows NT 6.1; WOW64; rv:32.0) Gecko/20100101 Firefox/32.0"
10.92.147.245 - - [21/Oct/2014:12:20:52 +0900] "GET /~kuramoto/Task/css/top.css HTTP/1.1" 200 339 "http://poulenc.eng.kagawa-u.ac.jp/~kuramoto/Task/" "Mozilla/5.0 (Windows NT 6.1; WOW64; rv:32.0) Gecko/20100101 Firefox/32.0"
10.92.147.245 - - [21/Oct/2014:12:20:52 +0900] "GET /~kuramoto/Task/js/CalendarPopup.js HTTP/1.1" 200 35862 "http://poulenc.eng.kagawa-u.ac.jp/~kuramoto/Task/" "Mozilla/5.0 (Windows NT 6.1; WOW64; rv:32.0) Gecko/20100101 Firefox/32.0"
10.92.147.245 - - [21/Oct/2014:12:20:53 +0900] "GET /~kuramoto/Task/icon/calendar.png HTTP/1.1" 200 326454 "http://poulenc.eng.kagawa-u.ac.jp/~kuramoto/Task/" "Mozilla/5.0 (Windows NT 6.1; WOW64; rv:32.0) Gecko/20100101 Firefox/32.0"
10.92.147.245 - - [21/Oct/2014:12:20:53 +0900] "GET /~kuramoto/Task/list.php HTTP/1.1" 200 197 "http://poulenc.eng.kagawa-u.ac.jp/~kuramoto/Task/" "Mozilla/5.0 (Windows NT 6.1; WOW64; rv:32.0) Gecko/20100101 Firefox/32.0"
10.92.147.245 - - [21/Oct/2014:12:20:54 +0900] "GET /~kuramoto/Task/css/list.css HTTP/1.1" 200 191 "http://poulenc.eng.kagawa-u.ac.jp/~kuramoto/Task/list.php" "Mozilla/5.0 (Windows NT 6.1; WOW64; rv:32.0) Gecko/20100101 Firefox/32.0"
10.92.147.245 - - [21/Oct/2014:12:20:54 +0900] "GET /favicon.ico HTTP/1.1" 404 353 "-" "Mozilla/5.0 (Windows NT 6.1; WOW64; rv:32.0) Gecko/20100101 Firefox/32.0"
10.92.147.245 - - [21/Oct/2014:12:20:55 +0900] "GET /favicon.ico HTTP/1.1" 404 353 "-" "Mozilla/5.0 (Windows NT 6.1; WOW64; rv:32.0) Gecko/20100101 Firefox/32.0"
10.20.69.74 - - [21/Oct/2014:13:37:38 +0900] "GET / HTTP/1.1" 200 20 "-" "-"
10.20.69.74 - - [21/Oct/2014:13:37:39 +0900] "GET /robots.txt HTTP/1.1" 200 18 "-" "-"
10.139.134.98 - - [21/Oct/2014:14:15:19 +0900] "GET /~hiconyan/feed.php HTTP/1.1" 404 360 "http://pipes.yahoo.com/pipes/pipe.info?_id=fbba9f537b5dbbdc707bb306a44c720b" "YahooCacheSystem"
10.249.67.58 - - [21/Oct/2014:14:18:07 +0900] "GET /~kawagoi/ical/ics/ical.php?ical=popopo.ics HTTP/1.1" 200 2627 "-" "GoogleBot/2.1"
10.249.67.66 - - [21/Oct/2014:14:36:01 +0900] "GET /~kawagoi/ical/ics/ical.php?ical=lab.ics HTTP/1.1" 200 2626 "-" "GoogleBot/2.1"
10.152.36.200 - - [21/Oct/2014:15:46:55 +0900] "GET /~tanasho/beatmania/user/index.php HTTP/1.1" 200 7205 "-" "Mozilla/5.0 (iPhone; CPU iPhone OS 7_1_1 like Mac OS X) AppleWebKit/537.51.2 (KHTML, like Gecko) Version/7.0 Mobile/11D201 Saf
ari/9537.53"
10.152.36.200 - - [21/Oct/2014:15:46:55 +0900] "GET /~tanasho/beatmania/css/bootstrap.cerulean.min.css HTTP/1.1" 200 104847 "http://poulenc.eng.kagawa-u.ac.jp/~tanasho/beatmania/user/index.php" "Mozilla/5.0 (iPhone; CPU iPhone OS 7_1_1 l
ike Mac OS X) AppleWebKit/537.51.2 (KHTML, like Gecko) Version/7.0 Mobile/11D201 Safari/9537.53"
10.152.36.200 - - [21/Oct/2014:15:46:56 +0900] "GET /~tanasho/analysis/mrliteLogger.js HTTP/1.1" 200 1046 "http://poulenc.eng.kagawa-u.ac.jp/~tanasho/beatmania/user/index.php" "Mozilla/5.0 (iPhone; CPU iPhone OS 7_1_1 like Mac OS X) Appl
eWebKit/537.51.2 (KHTML, like Gecko) Version/7.0 Mobile/11D201 Safari/9537.53"
10.152.36.200 - - [21/Oct/2014:15:46:56 +0900] "GET /~tanasho/analysis/mrliteLogger.php?PID=http%3A//poulenc.eng.kagawa-u.ac.jp/%7Etanasho/beatmania/user/index.php&PTITLE=%u53C2%u8003%u8868%u767B%u9332%u8005%u4E00%u89A7&PPID=&XENO_COOKIE
_ENABLED=1 HTTP/1.1" 200 1287 "http://poulenc.eng.kagawa-u.ac.jp/~tanasho/beatmania/user/index.php" "Mozilla/5.0 (iPhone; CPU iPhone OS 7_1_1 like Mac OS X) AppleWebKit/537.51.2 (KHTML, like Gecko) Version/7.0 Mobile/11D201 Safari/9537.5
3"
10.152.36.200 - - [21/Oct/2014:15:46:56 +0900] "GET /apple-touch-icon-precomposed.png HTTP/1.1" 404 374 "-" "MobileSafari/9537.53 CFNetwork/672.1.14 Darwin/14.0.0"
10.152.36.200 - - [21/Oct/2014:15:46:56 +0900] "GET /apple-touch-icon.png HTTP/1.1" 404 362 "-" "MobileSafari/9537.53 CFNetwork/672.1.14 Darwin/14.0.0"
10.152.36.200 - - [21/Oct/2014:15:46:57 +0900] "GET /~tanasho/beatmania/user/favicon.ico HTTP/1.1" 404 377 "-" "MobileSafari/9537.53 CFNetwork/672.1.14 Darwin/14.0.0"
10.92.145.195 - - [21/Oct/2014:15:53:26 +0900] "GET /favicon.ico HTTP/1.1" 404 353 "-" "Mozilla/5.0 (Windows NT 6.1; WOW64; rv:32.0) Gecko/20100101 Firefox/32.0"
10.92.145.195 - - [21/Oct/2014:15:53:29 +0900] "GET /favicon.ico HTTP/1.1" 404 353 "-" "Mozilla/5.0 (Windows NT 6.1; WOW64; rv:32.0) Gecko/20100101 Firefox/32.0"
10.79.62.213 - - [21/Oct/2014:15:54:14 +0900] "GET /Pub/Club/KBIT/2012/photo/201212-lego-hukuyama/lego-hukuyama_02.jpg HTTP/1.1" 200 800087 "-" "Mozilla/5.0 (Windows; U; Windows NT 5.1; en-US) AppleWebKit/525.13 (KHTML, like Gecko) Chrom
e/0.A.B.C Safari/525.13 (Yahoo!Japan)"
10.19.153.94 - - [21/Oct/2014:16:14:16 +0900] "GET /~hiconyan/doku.php?id=wiki:dokuwiki HTTP/1.1" 404 360 "http://poulenc.eng.kagawa-u.ac.jp/" "Mozilla/5.0 (X11; Ubuntu; Linux i686; rv:22.0) Gecko/20100101 Firefox/22.0"
10.139.134.96 - - [21/Oct/2014:16:16:21 +0900] "GET /~hiconyan/feed.php HTTP/1.1" 404 360 "http://pipes.yahoo.com/pipes/pipe.info?_id=fbba9f537b5dbbdc707bb306a44c720b" "YahooCacheSystem"
10.249.67.58 - - [21/Oct/2014:17:41:36 +0900] "GET /~kawagoi/ical/ics/ical.php?ical=lab_test.ics HTTP/1.1" 200 2628 "-" "GoogleBot/2.1"
10.106.108.116 - - [21/Oct/2014:18:04:35 +0900] "GET /Member/SLP/robots.txt HTTP/1.1" 401 545 "-" "Hatena Antenna/0.5 (http://a.hatena.ne.jp/help)"
10.106.108.116 - - [21/Oct/2014:18:04:35 +0900] "GET /Member/robots.txt HTTP/1.1" 404 359 "-" "Hatena Antenna/0.5 (http://a.hatena.ne.jp/help)"
10.106.108.116 - - [21/Oct/2014:18:04:35 +0900] "GET /robots.txt HTTP/1.1" 206 18 "-" "Hatena Antenna/0.5 (http://a.hatena.ne.jp/help)"
10.139.134.97 - - [21/Oct/2014:18:17:01 +0900] "GET /~hiconyan/feed.php HTTP/1.1" 404 360 "http://pipes.yahoo.com/pipes/pipe.info?_id=fbba9f537b5dbbdc707bb306a44c720b" "YahooCacheSystem"
10.59.148.210 - - [21/Oct/2014:18:34:00 +0900] "GET /robots.txt HTTP/1.1" 200 18 "-" "Twitterbot/1.0"
10.59.148.210 - - [21/Oct/2014:18:34:00 +0900] "GET /~hiconyan/doku.php?id=emacs:powerline HTTP/1.1" 404 360 "-" "Twitterbot/1.0"
10.249.67.58 - - [21/Oct/2014:19:05:35 +0900] "GET /~kawagoi/ical/ics/ical.php?ical=semi.ics HTTP/1.1" 200 1876 "-" "GoogleBot/2.1"
10.106.108.116 - - [21/Oct/2014:19:14:45 +0900] "HEAD /Member/SLP/ HTTP/1.1" 401 - "-" "Hatena Antenna/0.5 (http://a.hatena.ne.jp/help)"
10.226.117.140 - - [21/Oct/2014:19:16:14 +0900] "CONNECT mx0.mail2000.com.tw:25 HTTP/1.0" 405 379 "-" "-"
10.139.134.96 - - [21/Oct/2014:20:17:15 +0900] "GET /~hiconyan/feed.php HTTP/1.1" 404 360 "http://pipes.yahoo.com/pipes/pipe.info?_id=fbba9f537b5dbbdc707bb306a44c720b" "YahooCacheSystem"
10.249.69.114 - - [21/Oct/2014:20:35:36 +0900] "GET /robots.txt HTTP/1.1" 200 18 "-" "Mozilla/5.0 (compatible; Googlebot/2.1; +http://www.google.com/bot.html)"
10.249.69.114 - - [21/Oct/2014:20:35:37 +0900] "GET /~kawagoi/ical/ics/ical.php?ical=popopo.ics HTTP/1.1" 200 2627 "-" "GoogleBot/2.1"
10.249.69.98 - - [21/Oct/2014:21:12:22 +0900] "GET /~kawagoi/ical/ics/ical.php?ical=lab.ics HTTP/1.1" 200 2626 "-" "GoogleBot/2.1"
10.55.39.150 - - [21/Oct/2014:21:29:57 +0900] "GET /Pub/Club/KBIT/2012/event/201212-lego-hukuyama.html HTTP/1.1" 200 2611 "-" "Mozilla/5.0 (compatible; bingbot/2.0; +http://www.bing.com/bingbot.htm)"
10.249.69.98 - - [21/Oct/2014:21:53:19 +0900] "GET /Pub/Club/KBIT/2013/photo/2013.jpg HTTP/1.1" 304 - "-" "Googlebot-Image/1.0"
10.208.12.113 - - [21/Oct/2014:22:16:59 +0900] "GET /~hiconyan/doku.php?id=wiki:dokuwiki HTTP/1.1" 404 360 "http://poulenc.eng.kagawa-u.ac.jp/" "Mozilla/5.0 (X11; Ubuntu; Linux i686; rv:22.0) Gecko/20100101 Firefox/22.0"
10.161.129.94 - - [21/Oct/2014:22:17:30 +0900] "GET /Pub/Club/KBIT/2012/event/201212-lego-hukuyama.html HTTP/1.1" 200 2611 "http://search.yahoo.co.jp/search?p=%E7%9B%88%E9%80%B2%E9%AB%98%E7%AD%89&tid=top_ga1_sa&ei=UTF-8&pstart=1&fr=top_g
a1_sa&b=31" "Mozilla/5.0 (compatible; MSIE 10.0; Windows NT 6.2; WOW64; Trident/6.0)"
10.161.129.94 - - [21/Oct/2014:22:17:30 +0900] "GET /Pub/Club/KBIT/styles/style.css HTTP/1.1" 200 1330 "http://poulenc.eng.kagawa-u.ac.jp/Pub/Club/KBIT/2012/event/201212-lego-hukuyama.html" "Mozilla/5.0 (compatible; MSIE 10.0; Windows NT
 6.2; WOW64; Trident/6.0)"
10.161.129.94 - - [21/Oct/2014:22:17:30 +0900] "GET /Pub/Club/KBIT/styles/bg.png HTTP/1.1" 200 184 "http://poulenc.eng.kagawa-u.ac.jp/Pub/Club/KBIT/2012/event/201212-lego-hukuyama.html" "Mozilla/5.0 (compatible; MSIE 10.0; Windows NT 6.2
; WOW64; Trident/6.0)"
10.161.129.94 - - [21/Oct/2014:22:17:30 +0900] "GET /Pub/Club/KBIT/styles/rail.png HTTP/1.1" 200 269 "http://poulenc.eng.kagawa-u.ac.jp/Pub/Club/KBIT/2012/event/201212-lego-hukuyama.html" "Mozilla/5.0 (compatible; MSIE 10.0; Windows NT 6
.2; WOW64; Trident/6.0)"
10.161.129.94 - - [21/Oct/2014:22:17:30 +0900] "GET /Pub/Club/KBIT/styles/top_pic.png HTTP/1.1" 200 215986 "http://poulenc.eng.kagawa-u.ac.jp/Pub/Club/KBIT/2012/event/201212-lego-hukuyama.html" "Mozilla/5.0 (compatible; MSIE 10.0; Window
s NT 6.2; WOW64; Trident/6.0)"
